.\gradlew : WARNING: A restricted method in java.lang.System has been called
At line:1 char:1
+ .\gradlew clean :fabric:build 2>&1 | Out-File "_logs\build5.log" -Enc ...
+ ~~~~~~~~~~~~~~~~~~~~~~~~~~~~~~~~~~
    + CategoryInfo          : NotSpecified: (WARNING: A rest...has been called:String) [], RemoteException
    + FullyQualifiedErrorId : NativeCommandError
 
WARNING: java.lang.System::load has been called by net.rubygrapefruit.platform.internal.NativeLibraryLoader in an 
unnamed module (file:/C:/Users/adam/.gradle/wrapper/dists/gradle-9.4.0-bin/lcvyxq3t37f6mx9miaydrrgs/gradle-9.4.0/lib/na
tive-platform-0.22-milestone-29.jar)
WARNING: Use --enable-native-access=ALL-UNNAMED to avoid a warning for callers in this module
WARNING: Restricted methods will be blocked in a future release unless native access is enabled

> Task :buildSrc:compileJava UP-TO-DATE
> Task :buildSrc:compileGroovy NO-SOURCE
> Task :buildSrc:processResources NO-SOURCE
> Task :buildSrc:classes UP-TO-DATE
> Task :buildSrc:jar UP-TO-DATE

> Configure project :
using version number: 2.0.0
using version number: 2.0.0

> Task :clean
> Task :fabric:clean

> Task :compileApiJava
Note: C:\Dev\_github\baritone\src\api\java\baritone\api\BaritoneAPI.java uses or overrides a deprecated API.
Note: Recompile with -Xlint:deprecation for details.
Note: Some input files use unchecked or unsafe operations.
Note: Recompile with -Xlint:unchecked for details.

> Task :processApiResources NO-SOURCE
> Task :apiClasses
> Task :compileSchematica_apiJava
> Task :processSchematica_apiResources NO-SOURCE
> Task :schematica_apiClasses

> Task :compileJava
Note: Some input files use or override a deprecated API.
Note: Recompile with -Xlint:deprecation for details.
Note: Some input files use unchecked or unsafe operations.
Note: Recompile with -Xlint:unchecked for details.

> Task :processResources NO-SOURCE
> Task :classes

> Task :compileLaunchJava
Note: C:\Dev\_github\baritone\src\launch\java\baritone\launch\mixins\MixinPalettedContainer.java uses unchecked or 
unsafe operations.
Note: Recompile with -Xlint:unchecked for details.

> Task :processLaunchResources
> Task :launchClasses
> Task :fabric:compileJava NO-SOURCE
> Task :fabric:processResources
> Task :fabric:classes
> Task :fabric:shadowJar
> Task :fabric:jar
> Task :fabric:assemble
> Task :fabric:compileTestJava NO-SOURCE
> Task :fabric:processTestResources NO-SOURCE
> Task :fabric:testClasses UP-TO-DATE
> Task :fabric:test NO-SOURCE
> Task :fabric:check UP-TO-DATE
> Task :fabric:build

> Task :fabric:proguard
Running Determinizer
 Input path: C:\Dev\_github\baritone\fabric\build\libs\baritone-fabric-2.0.0.jar
 Output path: C:\Dev\_github\baritone\fabric\build\libs\baritone-unoptimized-fabric-2.0.0.jar
 Shade: []
Done with determinizer
ProGuard, version 7.9.1
Reading input...
Reading program jar [C:\Dev\_github\baritone\fabric\build\libs\baritone-fabric-2.0.0.jar] (filtered)
Reading library jar [C:\Users\adam\.gradle\caches\modules-2\files-2.1\org.jetbrains\annotations\13.0\919f0dfe192fb4e063e7dacadee7f8bb9a2672a9\annotations-13.0.jar] (filtered)
Reading library jar [C:\Users\adam\.gradle\caches\modules-2\files-2.1\org.jetbrains.kotlin\kotlin-stdlib-common\1.8.20\5eddaaf234c8c49d03eebeb6a14feb7f90faca71\kotlin-stdlib-common-1.8.20.jar] (filtered)
Reading library jar [C:\Users\adam\.gradle\caches\modules-2\files-2.1\org.jetbrains.kotlin\kotlin-stdlib\1.8.20\e72fc5e03ec6c064c678a6bd0d955c88d55b0c4a\kotlin-stdlib-1.8.20.jar] (filtered)
Reading library jar [C:\Users\adam\.gradle\caches\modules-2\files-2.1\org.jetbrains.kotlin\kotlin-stdlib-jdk7\1.8.20\3aa51faf20aae8b31e1a4bc54f8370673d7b7df4\kotlin-stdlib-jdk7-1.8.20.jar] (filtered)
Reading library jar [C:\Users\adam\.gradle\caches\modules-2\files-2.1\org.jetbrains.kotlin\kotlin-stdlib-jdk8\1.8.20\73576ddf378c5b4f1f6b449fe6b119b8183fc078\kotlin-stdlib-jdk8-1.8.20.jar] (filtered)
Reading library jar [C:\Users\adam\.gradle\caches\modules-2\files-2.1\com.google.j2objc\j2objc-annotations\3.1\a892ca9507839bbdb900d64310ac98256cab992f\j2objc-annotations-3.1.jar] (filtered)
Reading library jar [C:\Users\adam\.gradle\caches\modules-2\files-2.1\com.google.errorprone\error_prone_annotations\2.41.0\4381275efdef6ddfae38f002c31e84cd001c97f0\error_prone_annotations-2.41.0.jar] (filtered)
Reading library jar [C:\Users\adam\.gradle\caches\modules-2\files-2.1\org.jspecify\jspecify\1.0.0\7425a601c1c7ec76645a78d22b8c6a627edee507\jspecify-1.0.0.jar] (filtered)
Reading library jar [C:\Users\adam\.gradle\caches\modules-2\files-2.1\com.google.guava\listenablefuture\9999.0-empty-to-avoid-conflict-with-guava\b421526c5f297295adef1c886e5246c39d4ac629\listenablefuture-9999.0-empty-to-avoid-conflict-with-guava.jar] (filtered)
Reading library jar [C:\Users\adam\.gradle\caches\modules-2\files-2.1\com.google.guava\failureaccess\1.0.3\aeaffd00d57023a2c947393ed251f0354f0985fc\failureaccess-1.0.3.jar] (filtered)
Reading library jar [C:\Users\adam\.gradle\caches\modules-2\files-2.1\dev.babbaj\nether-pathfinder\1.4.1\d7dba70ac0e4a02d6b54767b9592f5d5773895\nether-pathfinder-1.4.1.jar] (filtered)
Reading library jar [C:\Users\adam\.gradle\caches\modules-2\files-2.1\net.fabricmc\fabric-loader\0.18.4\dc4682125d5db647d6ce80a98b98945835adcd4b\fabric-loader-0.18.4.jar] (filtered)
Reading library jar [C:\Users\adam\.gradle\caches\modules-2\files-2.1\commons-io\commons-io\2.20.0\36f3474daec2849c149e877614e7f979b2082cd2\commons-io-2.20.0.jar] (filtered)
Reading library jar [C:\Users\adam\.gradle\caches\modules-2\files-2.1\io.netty\netty-common\4.2.7.Final\11aa30df26af4fca3239ac1917f303a280f301e1\netty-common-4.2.7.Final.jar] (filtered)
Reading library jar [C:\Users\adam\.gradle\caches\modules-2\files-2.1\io.netty\netty-resolver\4.2.7.Final\5f3e5ef8de03992cd4fb46960dc0085ec1a12a12\netty-resolver-4.2.7.Final.jar] (filtered)
Reading library jar [C:\Users\adam\.gradle\caches\modules-2\files-2.1\io.netty\netty-buffer\4.2.7.Final\5555ff561643bf2f8430fb57c24403c0efe15994\netty-buffer-4.2.7.Final.jar] (filtered)
Reading library jar [C:\Users\adam\.gradle\caches\modules-2\files-2.1\io.netty\netty-transport\4.2.7.Final\83ea548981d0d8c4a98027cc1a6f9624f902e142\netty-transport-4.2.7.Final.jar] (filtered)
Reading library jar [C:\Users\adam\.gradle\caches\modules-2\files-2.1\io.netty\netty-transport-native-unix-common\4.2.7.Final\89953f04259ea7502cffb313630dd51e00e60669\netty-transport-native-unix-common-4.2.7.Final.jar] (filtered)
Reading library jar [C:\Users\adam\.gradle\caches\modules-2\files-2.1\io.netty\netty-codec-base\4.2.7.Final\915e381ebabcf115f1c7ff7032d55c48afb50210\netty-codec-base-4.2.7.Final.jar] (filtered)
Reading library jar [C:\Users\adam\.gradle\caches\modules-2\files-2.1\io.netty\netty-handler\4.2.7.Final\7ad8a1f851e2e6fe93cdd091871fda2b81c03b5b\netty-handler-4.2.7.Final.jar] (filtered)
Reading library jar [C:\Users\adam\.gradle\caches\modules-2\files-2.1\io.netty\netty-codec-compression\4.2.7.Final\572341bc1ca90fd9d6e47f1d2694aab5258566e9\netty-codec-compression-4.2.7.Final.jar] (filtered)
Reading library jar [C:\Users\adam\.gradle\caches\modules-2\files-2.1\io.netty\netty-codec-http\4.2.7.Final\b734c108854099c421fd94d92d9f865e4d4da853\netty-codec-http-4.2.7.Final.jar] (filtered)
Reading library jar [C:\Users\adam\.gradle\caches\modules-2\files-2.1\com.mojang\brigadier\1.3.10\d15b53a14cf20fdcaa98f731af5dda654452c010\brigadier-1.3.10.jar] (filtered)
Reading library jar [C:\Users\adam\.gradle\caches\modules-2\files-2.1\com.google.code.findbugs\jsr305\3.0.2\25ea2e8b0c338a877313bd4672d3fe056ea78f0d\jsr305-3.0.2.jar] (filtered)
Reading library jar [C:\Users\adam\.gradle\caches\modules-2\files-2.1\org.apache.commons\commons-lang3\3.19.0\d6524b169a6574cd253760c472d419b47bfd37e6\commons-lang3-3.19.0.jar] (filtered)
Reading library jar [C:\Users\adam\.gradle\caches\modules-2\files-2.1\org.slf4j\slf4j-api\2.0.17\d9e58ac9c7779ba3bf8142aff6c830617a7fe60f\slf4j-api-2.0.17.jar] (filtered)
Reading library jar [C:\Users\adam\.gradle\caches\modules-2\files-2.1\org.joml\joml\1.10.8\fc0a71dad90a2cf41d82a76156a0e700af8e4f8d\joml-1.10.8.jar] (filtered)
Reading library jar [C:\Users\adam\.gradle\caches\modules-2\files-2.1\it.unimi.dsi\fastutil\8.5.18\a6cff377eecc19c2037bf31568a6d7106b50ba1f\fastutil-8.5.18.jar] (filtered)
Reading library jar [C:\Users\adam\.gradle\caches\modules-2\files-2.1\com.google.code.gson\gson\2.13.2\48b8230771e573b54ce6e867a9001e75977fe78e\gson-2.13.2.jar] (filtered)
Reading library jar [C:\Users\adam\.gradle\caches\modules-2\files-2.1\com.google.guava\guava\33.5.0-jre\8699de25f2f979108d6c1b804a7ba38cda1116bc\guava-33.5.0-jre.jar] (filtered)
Reading library jar [C:\Users\adam\.gradle\caches\modules-2\files-2.1\com.mojang\datafixerupper\9.0.19\4e91f9712fa1e83231d1501625381b0210a977da\datafixerupper-9.0.19.jar] (filtered)
Reading library jar [C:\Users\adam\.gradle\caches\modules-2\files-2.1\org.ow2.asm\asm\9.3\8e6300ef51c1d801a7ed62d07cd221aca3a90640\asm-9.3.jar] (filtered)
Note: duplicate definition of library class [module-info]
Reading library jar [C:\Users\adam\.gradle\caches\modules-2\files-2.1\org.spongepowered\mixin\0.8.5\9d1c0c3a304ae6697ecd477218fa61b850bf57fc\mixin-0.8.5.jar] (filtered)
Note: duplicate definition of library class [module-info]
Reading library jar [C:\Dev\_github\baritone\libs\minecraft-26.1.jar] (filtered)
Reading library jmod [C:\Program Files\Microsoft\jdk-25.0.3.9-hotspot\jmods\java.base.jmod] (filtered)
Reading library jmod [C:\Program Files\Microsoft\jdk-25.0.3.9-hotspot\jmods\java.desktop.jmod] (filtered)
Reading library jmod [C:\Program Files\Microsoft\jdk-25.0.3.9-hotspot\jmods\jdk.unsupported.jmod] (filtered)
Note: there were 2 duplicate class definitions.
      (https://www.guardsquare.com/proguard/manual/troubleshooting#duplicateclass)
Initializing...
Note: the configuration refers to the unknown class 'java.sql.Driver'
Note: the configuration keeps the entry point 'baritone.launch.mixins.MixinChunkArray { void copyFrom(baritone.utils.accessor.IChunkArray); }', but not the descriptor class 'baritone.utils.accessor.IChunkArray'
Note: the configuration explicitly specifies 'dev.babbaj.pathfinder.**' to keep library class 'dev.babbaj.pathfinder.NetherPathfinder'
Note: the configuration explicitly specifies 'dev.babbaj.pathfinder.**' to keep library class 'dev.babbaj.pathfinder.Octree'
Note: the configuration explicitly specifies 'dev.babbaj.pathfinder.**' to keep library class 'dev.babbaj.pathfinder.PathSegment'
Note: there were 1 references to unknown classes.
      You should check your configuration for typos.
      (https://www.guardsquare.com/proguard/manual/troubleshooting#unknownclass)
Note: there were 1 unkept descriptor classes in kept class members.
      You should consider explicitly keeping the mentioned classes
      (using '-keep').
      (https://www.guardsquare.com/proguard/manual/troubleshooting#descriptorclass)
Note: there were 3 library classes explicitly being kept.
      You don't need to keep library classes; they are already left unchanged.
      (https://www.guardsquare.com/proguard/manual/troubleshooting#libraryclass)
Ignoring unused library classes...
  Original number of library classes:              44688
  Final number of library classes:                 1982
Marking classes and class members to be kept...
Inlining subroutines...
Shrinking...
Removing unused program classes and class elements...
  Original number of program classes:            467
  Final number of program classes:               459
Optimizing (pass 1/5)...
  Number of finalized classes:                   127
  Number of unboxed enum classes:                0
  Number of vertically merged classes:           0   (disabled)
  Number of horizontally merged classes:         0   (disabled)
  Number of merged wrapper classes:              0   (disabled)
  Number of removed write-only fields:           7
  Number of privatized fields:                   88
  Number of generalized field accesses:          1124
  Number of specialized field types:             45
  Number of inlined constant fields:             0
  Number of privatized methods:                  51
  Number of staticized methods:                  21
  Number of finalized methods:                   983
  Number of desynchronized methods:              0
  Number of simplified method signatures:        7
  Number of removed method parameters:           13
  Number of generalized method invocations:      67
  Number of specialized method parameter types:  24
  Number of specialized method return types:     4
  Number of inlined constant parameters:         140
  Number of inlined constant return values:      1
  Number of inlined short method calls:          270
  Number of inlined unique method calls:         187
  Number of inlined tail recursion calls:        6
  Number of merged code blocks:                  16
  Number of variable peephole optimizations:     1556
  Number of arithmetic peephole optimizations:   28
  Number of cast peephole optimizations:         0
  Number of field peephole optimizations:        6
  Number of branch peephole optimizations:       487
  Number of object peephole optimizations:       150
  Number of string peephole optimizations:       0
  Number of math peephole optimizations:         0
  Number of simplified instructions:             200
  Number of removed instructions:                265
  Number of removed local variables:             53
  Number of removed exception blocks:            19
  Number of optimized local variable frames:     494
Shrinking...
Removing unused program classes and class elements...
  Original number of program classes:            459
  Final number of program classes:               459
Optimizing (pass 2/5)...
  Number of finalized classes:                   0
  Number of unboxed enum classes:                0
  Number of vertically merged classes:           0   (disabled)
  Number of horizontally merged classes:         0   (disabled)
  Number of merged wrapper classes:              0   (disabled)
  Number of removed write-only fields:           7
  Number of privatized fields:                   0
  Number of generalized field accesses:          0
  Number of specialized field types:             3
  Number of inlined constant fields:             0
  Number of privatized methods:                  1
  Number of staticized methods:                  2
  Number of finalized methods:                   13
  Number of desynchronized methods:              0
  Number of simplified method signatures:        42
  Number of removed method parameters:           139
  Number of generalized method invocations:      0
  Number of specialized method parameter types:  47
  Number of specialized method return types:     0
  Number of inlined constant parameters:         139
  Number of inlined constant return values:      0
  Number of inlined short method calls:          0
  Number of inlined unique method calls:         11
  Number of inlined tail recursion calls:        0
  Number of merged code blocks:                  1
  Number of variable peephole optimizations:     82
  Number of arithmetic peephole optimizations:   6
  Number of cast peephole optimizations:         0
  Number of field peephole optimizations:        0
  Number of branch peephole optimizations:       19
  Number of object peephole optimizations:       0
  Number of string peephole optimizations:       0
  Number of math peephole optimizations:         0
  Number of simplified instructions:             1
  Number of removed instructions:                971
  Number of removed local variables:             128
  Number of removed exception blocks:            0
  Number of optimized local variable frames:     15
Shrinking...
Removing unused program classes and class elements...
  Original number of program classes:            459
  Final number of program classes:               459
Optimizing (pass 3/5)...
  Number of finalized classes:                   0
  Number of unboxed enum classes:                0
  Number of vertically merged classes:           0   (disabled)
  Number of horizontally merged classes:         0   (disabled)
  Number of merged wrapper classes:              0   (disabled)
  Number of removed write-only fields:           7
  Number of privatized fields:                   0
  Number of generalized field accesses:          0
  Number of specialized field types:             1
  Number of inlined constant fields:             0
  Number of privatized methods:                  0
  Number of staticized methods:                  1
  Number of finalized methods:                   2
  Number of desynchronized methods:              0
  Number of simplified method signatures:        1
  Number of removed method parameters:           3
  Number of generalized method invocations:      0
  Number of specialized method parameter types:  6
  Number of specialized method return types:     0
  Number of inlined constant parameters:         0
  Number of inlined constant return values:      0
  Number of inlined short method calls:          0
  Number of inlined unique method calls:         3
  Number of inlined tail recursion calls:        0
  Number of merged code blocks:                  0
  Number of variable peephole optimizations:     11
  Number of arithmetic peephole optimizations:   0
  Number of cast peephole optimizations:         0
  Number of field peephole optimizations:        0
  Number of branch peephole optimizations:       0
  Number of object peephole optimizations:       0
  Number of string peephole optimizations:       0
  Number of math peephole optimizations:         0
  Number of simplified instructions:             0
  Number of removed instructions:                46
  Number of removed local variables:             11
  Number of removed exception blocks:            0
  Number of optimized local variable frames:     4
Shrinking...
Removing unused program classes and class elements...
  Original number of program classes:            459
  Final number of program classes:               459
Optimizing (pass 4/5)...
  Number of finalized classes:                   0
  Number of unboxed enum classes:                0
  Number of vertically merged classes:           0   (disabled)
  Number of horizontally merged classes:         0   (disabled)
  Number of merged wrapper classes:              0   (disabled)
  Number of removed write-only fields:           7
  Number of privatized fields:                   0
  Number of generalized field accesses:          0
  Number of specialized field types:             1
  Number of inlined constant fields:             0
  Number of privatized methods:                  0
  Number of staticized methods:                  1
  Number of finalized methods:                   0
  Number of desynchronized methods:              0
  Number of simplified method signatures:        0
  Number of removed method parameters:           0
  Number of generalized method invocations:      0
  Number of specialized method parameter types:  0
  Number of specialized method return types:     0
  Number of inlined constant parameters:         0
  Number of inlined constant return values:      0
  Number of inlined short method calls:          0
  Number of inlined unique method calls:         0
  Number of inlined tail recursion calls:        0
  Number of merged code blocks:                  0
  Number of variable peephole optimizations:     1
  Number of arithmetic peephole optimizations:   0
  Number of cast peephole optimizations:         0
  Number of field peephole optimizations:        0
  Number of branch peephole optimizations:       0
  Number of object peephole optimizations:       0
  Number of string peephole optimizations:       0
  Number of math peephole optimizations:         0
  Number of simplified instructions:             0
  Number of removed instructions:                11
  Number of removed local variables:             1
  Number of removed exception blocks:            0
  Number of optimized local variable frames:     0
Shrinking...
Removing unused program classes and class elements...
  Original number of program classes:            459
  Final number of program classes:               459
Optimizing (pass 5/5)...
  Number of finalized classes:                   0
  Number of unboxed enum classes:                0
  Number of vertically merged classes:           0   (disabled)
  Number of horizontally merged classes:         0   (disabled)
  Number of merged wrapper classes:              0   (disabled)
  Number of removed write-only fields:           7
  Number of privatized fields:                   0
  Number of generalized field accesses:          0
  Number of specialized field types:             0
  Number of inlined constant fields:             0
  Number of privatized methods:                  0
  Number of staticized methods:                  1
  Number of finalized methods:                   0
  Number of desynchronized methods:              0
  Number of simplified method signatures:        0
  Number of removed method parameters:           0
  Number of generalized method invocations:      0
  Number of specialized method parameter types:  0
  Number of specialized method return types:     0
  Number of inlined constant parameters:         0
  Number of inlined constant return values:      0
  Number of inlined short method calls:          0
  Number of inlined unique method calls:         0
  Number of inlined tail recursion calls:        0
  Number of merged code blocks:                  0
  Number of variable peephole optimizations:     0
  Number of arithmetic peephole optimizations:   0
  Number of cast peephole optimizations:         0
  Number of field peephole optimizations:        0
  Number of branch peephole optimizations:       0
  Number of object peephole optimizations:       0
  Number of string peephole optimizations:       0
  Number of math peephole optimizations:         0
  Number of simplified instructions:             0
  Number of removed instructions:                2
  Number of removed local variables:             1
  Number of removed exception blocks:            0
  Number of optimized local variable frames:     0
Shrinking...
Removing unused program classes and class elements...
  Original number of program classes:            459
  Final number of program classes:               459
Obfuscating...
Printing mapping to [C:\Dev\_github\baritone\mapping\mappings-fabric-api.txt]...
  Number of obfuscated classes:                  250
  Number of obfuscated fields:                   671
  Number of obfuscated methods:                  632
Preverifying...
Writing output...
Preparing output jar [C:\Dev\_github\baritone\fabric\build\tmp\proguard\proguard_out.jar] (filtered)
  Copying resources from program jar [C:\Dev\_github\baritone\fabric\build\libs\baritone-fabric-2.0.0.jar] (filtered)
Running Determinizer
 Input path: C:\Dev\_github\baritone\fabric\build\tmp\proguard\proguard_out.jar
 Output path: C:\Dev\_github\baritone\fabric\build\libs\baritone-api-fabric-2.0.0.jar
 Shade: []
Done with determinizer
ProGuard, version 7.9.1
Reading input...
Reading program jar [C:\Dev\_github\baritone\fabric\build\libs\baritone-fabric-2.0.0.jar] (filtered)
Reading library jar [C:\Users\adam\.gradle\caches\modules-2\files-2.1\org.jetbrains\annotations\13.0\919f0dfe192fb4e063e7dacadee7f8bb9a2672a9\annotations-13.0.jar] (filtered)
Reading library jar [C:\Users\adam\.gradle\caches\modules-2\files-2.1\org.jetbrains.kotlin\kotlin-stdlib-common\1.8.20\5eddaaf234c8c49d03eebeb6a14feb7f90faca71\kotlin-stdlib-common-1.8.20.jar] (filtered)
Reading library jar [C:\Users\adam\.gradle\caches\modules-2\files-2.1\org.jetbrains.kotlin\kotlin-stdlib\1.8.20\e72fc5e03ec6c064c678a6bd0d955c88d55b0c4a\kotlin-stdlib-1.8.20.jar] (filtered)
Reading library jar [C:\Users\adam\.gradle\caches\modules-2\files-2.1\org.jetbrains.kotlin\kotlin-stdlib-jdk7\1.8.20\3aa51faf20aae8b31e1a4bc54f8370673d7b7df4\kotlin-stdlib-jdk7-1.8.20.jar] (filtered)
Reading library jar [C:\Users\adam\.gradle\caches\modules-2\files-2.1\org.jetbrains.kotlin\kotlin-stdlib-jdk8\1.8.20\73576ddf378c5b4f1f6b449fe6b119b8183fc078\kotlin-stdlib-jdk8-1.8.20.jar] (filtered)
Reading library jar [C:\Users\adam\.gradle\caches\modules-2\files-2.1\com.google.j2objc\j2objc-annotations\3.1\a892ca9507839bbdb900d64310ac98256cab992f\j2objc-annotations-3.1.jar] (filtered)
Reading library jar [C:\Users\adam\.gradle\caches\modules-2\files-2.1\com.google.errorprone\error_prone_annotations\2.41.0\4381275efdef6ddfae38f002c31e84cd001c97f0\error_prone_annotations-2.41.0.jar] (filtered)
Reading library jar [C:\Users\adam\.gradle\caches\modules-2\files-2.1\org.jspecify\jspecify\1.0.0\7425a601c1c7ec76645a78d22b8c6a627edee507\jspecify-1.0.0.jar] (filtered)
Reading library jar [C:\Users\adam\.gradle\caches\modules-2\files-2.1\com.google.guava\listenablefuture\9999.0-empty-to-avoid-conflict-with-guava\b421526c5f297295adef1c886e5246c39d4ac629\listenablefuture-9999.0-empty-to-avoid-conflict-with-guava.jar] (filtered)
Reading library jar [C:\Users\adam\.gradle\caches\modules-2\files-2.1\com.google.guava\failureaccess\1.0.3\aeaffd00d57023a2c947393ed251f0354f0985fc\failureaccess-1.0.3.jar] (filtered)
Reading library jar [C:\Users\adam\.gradle\caches\modules-2\files-2.1\dev.babbaj\nether-pathfinder\1.4.1\d7dba70ac0e4a02d6b54767b9592f5d5773895\nether-pathfinder-1.4.1.jar] (filtered)
Reading library jar [C:\Users\adam\.gradle\caches\modules-2\files-2.1\net.fabricmc\fabric-loader\0.18.4\dc4682125d5db647d6ce80a98b98945835adcd4b\fabric-loader-0.18.4.jar] (filtered)
Reading library jar [C:\Users\adam\.gradle\caches\modules-2\files-2.1\commons-io\commons-io\2.20.0\36f3474daec2849c149e877614e7f979b2082cd2\commons-io-2.20.0.jar] (filtered)
Reading library jar [C:\Users\adam\.gradle\caches\modules-2\files-2.1\io.netty\netty-common\4.2.7.Final\11aa30df26af4fca3239ac1917f303a280f301e1\netty-common-4.2.7.Final.jar] (filtered)
Reading library jar [C:\Users\adam\.gradle\caches\modules-2\files-2.1\io.netty\netty-resolver\4.2.7.Final\5f3e5ef8de03992cd4fb46960dc0085ec1a12a12\netty-resolver-4.2.7.Final.jar] (filtered)
Reading library jar [C:\Users\adam\.gradle\caches\modules-2\files-2.1\io.netty\netty-buffer\4.2.7.Final\5555ff561643bf2f8430fb57c24403c0efe15994\netty-buffer-4.2.7.Final.jar] (filtered)
Reading library jar [C:\Users\adam\.gradle\caches\modules-2\files-2.1\io.netty\netty-transport\4.2.7.Final\83ea548981d0d8c4a98027cc1a6f9624f902e142\netty-transport-4.2.7.Final.jar] (filtered)
Reading library jar [C:\Users\adam\.gradle\caches\modules-2\files-2.1\io.netty\netty-transport-native-unix-common\4.2.7.Final\89953f04259ea7502cffb313630dd51e00e60669\netty-transport-native-unix-common-4.2.7.Final.jar] (filtered)
Reading library jar [C:\Users\adam\.gradle\caches\modules-2\files-2.1\io.netty\netty-codec-base\4.2.7.Final\915e381ebabcf115f1c7ff7032d55c48afb50210\netty-codec-base-4.2.7.Final.jar] (filtered)
Reading library jar [C:\Users\adam\.gradle\caches\modules-2\files-2.1\io.netty\netty-handler\4.2.7.Final\7ad8a1f851e2e6fe93cdd091871fda2b81c03b5b\netty-handler-4.2.7.Final.jar] (filtered)
Reading library jar [C:\Users\adam\.gradle\caches\modules-2\files-2.1\io.netty\netty-codec-compression\4.2.7.Final\572341bc1ca90fd9d6e47f1d2694aab5258566e9\netty-codec-compression-4.2.7.Final.jar] (filtered)
Reading library jar [C:\Users\adam\.gradle\caches\modules-2\files-2.1\io.netty\netty-codec-http\4.2.7.Final\b734c108854099c421fd94d92d9f865e4d4da853\netty-codec-http-4.2.7.Final.jar] (filtered)
Reading library jar [C:\Users\adam\.gradle\caches\modules-2\files-2.1\com.mojang\brigadier\1.3.10\d15b53a14cf20fdcaa98f731af5dda654452c010\brigadier-1.3.10.jar] (filtered)
Reading library jar [C:\Users\adam\.gradle\caches\modules-2\files-2.1\com.google.code.findbugs\jsr305\3.0.2\25ea2e8b0c338a877313bd4672d3fe056ea78f0d\jsr305-3.0.2.jar] (filtered)
Reading library jar [C:\Users\adam\.gradle\caches\modules-2\files-2.1\org.apache.commons\commons-lang3\3.19.0\d6524b169a6574cd253760c472d419b47bfd37e6\commons-lang3-3.19.0.jar] (filtered)
Reading library jar [C:\Users\adam\.gradle\caches\modules-2\files-2.1\org.slf4j\slf4j-api\2.0.17\d9e58ac9c7779ba3bf8142aff6c830617a7fe60f\slf4j-api-2.0.17.jar] (filtered)
Reading library jar [C:\Users\adam\.gradle\caches\modules-2\files-2.1\org.joml\joml\1.10.8\fc0a71dad90a2cf41d82a76156a0e700af8e4f8d\joml-1.10.8.jar] (filtered)
Reading library jar [C:\Users\adam\.gradle\caches\modules-2\files-2.1\it.unimi.dsi\fastutil\8.5.18\a6cff377eecc19c2037bf31568a6d7106b50ba1f\fastutil-8.5.18.jar] (filtered)
Reading library jar [C:\Users\adam\.gradle\caches\modules-2\files-2.1\com.google.code.gson\gson\2.13.2\48b8230771e573b54ce6e867a9001e75977fe78e\gson-2.13.2.jar] (filtered)
Reading library jar [C:\Users\adam\.gradle\caches\modules-2\files-2.1\com.google.guava\guava\33.5.0-jre\8699de25f2f979108d6c1b804a7ba38cda1116bc\guava-33.5.0-jre.jar] (filtered)
Reading library jar [C:\Users\adam\.gradle\caches\modules-2\files-2.1\com.mojang\datafixerupper\9.0.19\4e91f9712fa1e83231d1501625381b0210a977da\datafixerupper-9.0.19.jar] (filtered)
Reading library jar [C:\Users\adam\.gradle\caches\modules-2\files-2.1\org.ow2.asm\asm\9.3\8e6300ef51c1d801a7ed62d07cd221aca3a90640\asm-9.3.jar] (filtered)
Note: duplicate definition of library class [module-info]
Reading library jar [C:\Users\adam\.gradle\caches\modules-2\files-2.1\org.spongepowered\mixin\0.8.5\9d1c0c3a304ae6697ecd477218fa61b850bf57fc\mixin-0.8.5.jar] (filtered)
Note: duplicate definition of library class [module-info]
Reading library jar [C:\Dev\_github\baritone\libs\minecraft-26.1.jar] (filtered)
Reading library jmod [C:\Program Files\Microsoft\jdk-25.0.3.9-hotspot\jmods\java.base.jmod] (filtered)
Reading library jmod [C:\Program Files\Microsoft\jdk-25.0.3.9-hotspot\jmods\java.desktop.jmod] (filtered)
Reading library jmod [C:\Program Files\Microsoft\jdk-25.0.3.9-hotspot\jmods\jdk.unsupported.jmod] (filtered)
Note: there were 2 duplicate class definitions.
      (https://www.guardsquare.com/proguard/manual/troubleshooting#duplicateclass)
Initializing...
Note: the configuration refers to the unknown class 'java.sql.Driver'
Note: the configuration keeps the entry point 'baritone.launch.mixins.MixinChunkArray { void copyFrom(baritone.utils.accessor.IChunkArray); }', but not the descriptor class 'baritone.utils.accessor.IChunkArray'
Note: the configuration keeps the entry point 'baritone.launch.mixins.MixinLivingEntity { void lambda$preMoveRelative$0(baritone.api.IBaritone); }', but not the descriptor class 'baritone.api.IBaritone'
Note: the configuration explicitly specifies 'dev.babbaj.pathfinder.**' to keep library class 'dev.babbaj.pathfinder.NetherPathfinder'
Note: the configuration explicitly specifies 'dev.babbaj.pathfinder.**' to keep library class 'dev.babbaj.pathfinder.Octree'
Note: the configuration explicitly specifies 'dev.babbaj.pathfinder.**' to keep library class 'dev.babbaj.pathfinder.PathSegment'
Note: there were 1 references to unknown classes.
      You should check your configuration for typos.
      (https://www.guardsquare.com/proguard/manual/troubleshooting#unknownclass)
Note: there were 2 unkept descriptor classes in kept class members.
      You should consider explicitly keeping the mentioned classes
      (using '-keep').
      (https://www.guardsquare.com/proguard/manual/troubleshooting#descriptorclass)
Note: there were 3 library classes explicitly being kept.
      You don't need to keep library classes; they are already left unchanged.
      (https://www.guardsquare.com/proguard/manual/troubleshooting#libraryclass)
Ignoring unused library classes...
  Original number of library classes:              44688
  Final number of library classes:                 1982
Marking classes and class members to be kept...
Inlining subroutines...
Shrinking...
Removing unused program classes and class elements...
  Original number of program classes:            467
  Final number of program classes:               438
Optimizing (pass 1/5)...
  Number of finalized classes:                   160
  Number of unboxed enum classes:                0
  Number of vertically merged classes:           0   (disabled)
  Number of horizontally merged classes:         0   (disabled)
  Number of merged wrapper classes:              0   (disabled)
  Number of removed write-only fields:           17
  Number of privatized fields:                   118
  Number of generalized field accesses:          1121
  Number of specialized field types:             48
  Number of inlined constant fields:             1
  Number of privatized methods:                  110
  Number of staticized methods:                  38
  Number of finalized methods:                   1059
  Number of desynchronized methods:              0
  Number of simplified method signatures:        59
  Number of removed method parameters:           63
  Number of generalized method invocations:      63
  Number of specialized method parameter types:  124
  Number of specialized method return types:     67
  Number of inlined constant parameters:         171
  Number of inlined constant return values:      2
  Number of inlined short method calls:          588
  Number of inlined unique method calls:         283
  Number of inlined tail recursion calls:        4
  Number of merged code blocks:                  16
  Number of variable peephole optimizations:     1949
  Number of arithmetic peephole optimizations:   32
  Number of cast peephole optimizations:         0
  Number of field peephole optimizations:        7
  Number of branch peephole optimizations:       489
  Number of object peephole optimizations:       150
  Number of string peephole optimizations:       0
  Number of math peephole optimizations:         0
  Number of simplified instructions:             237
  Number of removed instructions:                296
  Number of removed local variables:             86
  Number of removed exception blocks:            19
  Number of optimized local variable frames:     561
Shrinking...
Removing unused program classes and class elements...
  Original number of program classes:            438
  Final number of program classes:               438
Optimizing (pass 2/5)...
  Number of finalized classes:                   0
  Number of unboxed enum classes:                0
  Number of vertically merged classes:           0   (disabled)
  Number of horizontally merged classes:         0   (disabled)
  Number of merged wrapper classes:              0   (disabled)
  Number of removed write-only fields:           15
  Number of privatized fields:                   0
  Number of generalized field accesses:          0
  Number of specialized field types:             11
  Number of inlined constant fields:             1
  Number of privatized methods:                  1
  Number of staticized methods:                  2
  Number of finalized methods:                   14
  Number of desynchronized methods:              0
  Number of simplified method signatures:        63
  Number of removed method parameters:           162
  Number of generalized method invocations:      0
  Number of specialized method parameter types:  96
  Number of specialized method return types:     8
  Number of inlined constant parameters:         166
  Number of inlined constant return values:      0
  Number of inlined short method calls:          0
  Number of inlined unique method calls:         14
  Number of inlined tail recursion calls:        0
  Number of merged code blocks:                  1
  Number of variable peephole optimizations:     107
  Number of arithmetic peephole optimizations:   8
  Number of cast peephole optimizations:         0
  Number of field peephole optimizations:        0
  Number of branch peephole optimizations:       22
  Number of object peephole optimizations:       0
  Number of string peephole optimizations:       0
  Number of math peephole optimizations:         0
  Number of simplified instructions:             5
  Number of removed instructions:                1633
  Number of removed local variables:             150
  Number of removed exception blocks:            0
  Number of optimized local variable frames:     25
Shrinking...
Removing unused program classes and class elements...
  Original number of program classes:            438
  Final number of program classes:               438
Optimizing (pass 3/5)...
  Number of finalized classes:                   0
  Number of unboxed enum classes:                0
  Number of vertically merged classes:           0   (disabled)
  Number of horizontally merged classes:         0   (disabled)
  Number of merged wrapper classes:              0   (disabled)
  Number of removed write-only fields:           15
  Number of privatized fields:                   0
  Number of generalized field accesses:          0
  Number of specialized field types:             8
  Number of inlined constant fields:             1
  Number of privatized methods:                  0
  Number of staticized methods:                  1
  Number of finalized methods:                   2
  Number of desynchronized methods:              0
  Number of simplified method signatures:        4
  Number of removed method parameters:           7
  Number of generalized method invocations:      0
  Number of specialized method parameter types:  15
  Number of specialized method return types:     2
  Number of inlined constant parameters:         6
  Number of inlined constant return values:      0
  Number of inlined short method calls:          11
  Number of inlined unique method calls:         3
  Number of inlined tail recursion calls:        0
  Number of merged code blocks:                  0
  Number of variable peephole optimizations:     34
  Number of arithmetic peephole optimizations:   0
  Number of cast peephole optimizations:         0
  Number of field peephole optimizations:        0
  Number of branch peephole optimizations:       0
  Number of object peephole optimizations:       0
  Number of string peephole optimizations:       0
  Number of math peephole optimizations:         0
  Number of simplified instructions:             6
  Number of removed instructions:                85
  Number of removed local variables:             13
  Number of removed exception blocks:            0
  Number of optimized local variable frames:     7
Shrinking...
Removing unused program classes and class elements...
  Original number of program classes:            438
  Final number of program classes:               438
Optimizing (pass 4/5)...
  Number of finalized classes:                   0
  Number of unboxed enum classes:                0
  Number of vertically merged classes:           0   (disabled)
  Number of horizontally merged classes:         0   (disabled)
  Number of merged wrapper classes:              0   (disabled)
  Number of removed write-only fields:           15
  Number of privatized fields:                   0
  Number of generalized field accesses:          0
  Number of specialized field types:             2
  Number of inlined constant fields:             0
  Number of privatized methods:                  0
  Number of staticized methods:                  0
  Number of finalized methods:                   0
  Number of desynchronized methods:              0
  Number of simplified method signatures:        2
  Number of removed method parameters:           3
  Number of generalized method invocations:      0
  Number of specialized method parameter types:  22
  Number of specialized method return types:     0
  Number of inlined constant parameters:         0
  Number of inlined constant return values:      0
  Number of inlined short method calls:          0
  Number of inlined unique method calls:         0
  Number of inlined tail recursion calls:        0
  Number of merged code blocks:                  0
  Number of variable peephole optimizations:     3
  Number of arithmetic peephole optimizations:   0
  Number of cast peephole optimizations:         0
  Number of field peephole optimizations:        0
  Number of branch peephole optimizations:       0
  Number of object peephole optimizations:       0
  Number of string peephole optimizations:       0
  Number of math peephole optimizations:         0
  Number of simplified instructions:             0
  Number of removed instructions:                46
  Number of removed local variables:             1
  Number of removed exception blocks:            0
  Number of optimized local variable frames:     0
Shrinking...
Removing unused program classes and class elements...
  Original number of program classes:            438
  Final number of program classes:               438
Optimizing (pass 5/5)...
  Number of finalized classes:                   0
  Number of unboxed enum classes:                0
  Number of vertically merged classes:           0   (disabled)
  Number of horizontally merged classes:         0   (disabled)
  Number of merged wrapper classes:              0   (disabled)
  Number of removed write-only fields:           15
  Number of privatized fields:                   0
  Number of generalized field accesses:          0
  Number of specialized field types:             1
  Number of inlined constant fields:             0
  Number of privatized methods:                  0
  Number of staticized methods:                  0
  Number of finalized methods:                   0
  Number of desynchronized methods:              0
  Number of simplified method signatures:        0
  Number of removed method parameters:           0
  Number of generalized method invocations:      0
  Number of specialized method parameter types:  8
  Number of specialized method return types:     0
  Number of inlined constant parameters:         0
  Number of inlined constant return values:      0
  Number of inlined short method calls:          0
  Number of inlined unique method calls:         0
  Number of inlined tail recursion calls:        0
  Number of merged code blocks:                  0
  Number of variable peephole optimizations:     0
  Number of arithmetic peephole optimizations:   0
  Number of cast peephole optimizations:         0
  Number of field peephole optimizations:        0
  Number of branch peephole optimizations:       0
  Number of object peephole optimizations:       0
  Number of string peephole optimizations:       0
  Number of math peephole optimizations:         0
  Number of simplified instructions:             0
  Number of removed instructions:                0
  Number of removed local variables:             0
  Number of removed exception blocks:            0
  Number of optimized local variable frames:     0
Shrinking...
Removing unused program classes and class elements...
  Original number of program classes:            438
  Final number of program classes:               438
Obfuscating...
Printing mapping to [C:\Dev\_github\baritone\mapping\mappings-fabric-standalone.txt]...
  Number of obfuscated classes:                  407
  Number of obfuscated fields:                   943
  Number of obfuscated methods:                  1687
Preverifying...
Writing output...
Preparing output jar [C:\Dev\_github\baritone\fabric\build\tmp\proguard\proguard_out.jar] (filtered)
  Copying resources from program jar [C:\Dev\_github\baritone\fabric\build\libs\baritone-fabric-2.0.0.jar] (filtered)
Running Determinizer
 Input path: C:\Dev\_github\baritone\fabric\build\tmp\proguard\proguard_out.jar
 Output path: C:\Dev\_github\baritone\fabric\build\libs\baritone-standalone-fabric-2.0.0.jar
 Shade: []
Done with determinizer

> Task :fabric:createDist
75a6cad18d7f846c59c61371663acfee2def578b  baritone-api-1.9.5.jar
0ccde0073f274ac24291b1aace6bc2ca0268cc5d  baritone-api-fabric-1.9.5.jar
4ed8bf384d9996a495aa79c9f301e791f2b76355  baritone-api-fabric-2.0.0.jar
274d87f13330ef52c2e1c172fdafb68b762c93b4  baritone-standalone-1.9.5.jar
e7ee470b1c0552c8caa2b364d3c7d857e5f52c87  baritone-standalone-fabric-1.9.5.jar
799de1feb56fee03d63255999ea691d4a3170b91  baritone-standalone-fabric-2.0.0.jar
fe64af0be1ea32c2d6263c0147ea3c039608112c  baritone-unoptimized-1.9.5.jar
d01523bf04903a009901340f1c3075537e852c32  baritone-unoptimized-fabric-1.9.5.jar
c7ce70a2a2fd749d05855f6b46ea414c6f0c5187  baritone-unoptimized-fabric-2.0.0.jar

[Incubating] Problems report is available at: file:///C:/Dev/_github/baritone/build/reports/problems/problems-report.html

Deprecated Gradle features were used in this build, making it incompatible with Gradle 10.

You can use '--warning-mode all' to show the individual deprecation warnings and determine if they come from your own scripts or plugins.

For more on this, please refer to https://docs.gradle.org/9.4.0/userguide/command_line_interface.html#sec:command_line_warnings in the Gradle documentation.

BUILD SUCCESSFUL in 19s
14 actionable tasks: 12 executed, 2 up-to-date
