[15:19:09] [main/INFO]: Loading Minecraft 26.1 with Fabric Loader 0.19.2
[15:19:09] [main/INFO]: Mappings not present!
[15:19:10] [main/INFO]: Loading 48 mods:
	- baritone 2.0.0
	- fabric-api 0.147.0+26.1.2
	   |-- fabric-api-base 2.0.3+ece063234c
	   |-- fabric-api-lookup-api-v1 2.0.11+d5a053b64c
	   |-- fabric-biome-api-v1 18.0.4+35c80edc4c
	   |-- fabric-block-api-v1 3.0.2+ec56b6014c
	   |-- fabric-block-getter-api-v2 2.0.6+ec56b6014c
	   |-- fabric-command-api-v2 3.0.5+e2bdee784c
	   |-- fabric-content-registries-v0 11.0.13+d871b99e4c
	   |-- fabric-convention-tags-v2 4.5.0+4e71cda84c
	   |-- fabric-crash-report-info-v1 1.0.3+9f78a5a84c
	   |-- fabric-creative-tab-api-v1 5.0.10+d871b99e4c
	   |-- fabric-data-attachment-api-v1 2.2.4+d602a8964c
	   |-- fabric-data-generation-api-v1 24.0.19+35c80edc4c
	   |-- fabric-debug-api-v1 1.0.1+c792624d4c
	   |-- fabric-dimensions-v1 5.1.5+9cbf5da54c
	   |-- fabric-entity-events-v1 5.0.2+e2bdee784c
	   |-- fabric-events-interaction-v0 5.1.10+c82f04614c
	   |-- fabric-game-rule-api-v1 4.0.5+d871b99e4c
	   |-- fabric-item-api-v1 14.1.1+73d134684c
	   |-- fabric-key-mapping-api-v1 2.0.4+e2bdee784c
	   |-- fabric-lifecycle-events-v1 4.1.0+6d50a0854c
	   |-- fabric-loot-api-v3 3.0.11+00a1fba64c
	   |-- fabric-menu-api-v1 2.0.12+d871b99e4c
	   |-- fabric-message-api-v1 7.0.5+dae8ce3e4c
	   |-- fabric-model-loading-api-v1 8.0.5+c80601bb4c
	   |-- fabric-networking-api-v1 6.3.0+50a808ce4c
	   |-- fabric-object-builder-api-v1 23.0.14+b95dd56e4c
	   |-- fabric-particles-v1 5.0.14+b61fef434c
	   |-- fabric-recipe-api-v1 9.0.14+be4b75ae4c
	   |-- fabric-registry-sync-v0 7.0.12+b61fef434c
	   |-- fabric-renderer-api-v1 13.0.2+c80601bb4c
	   |-- fabric-renderer-indigo 8.0.4+a6be36ef4c
	   |-- fabric-rendering-fluids-v1 6.0.1+d871b99e4c
	   |-- fabric-rendering-v1 23.0.6+08c26e364c
	   |-- fabric-resource-conditions-api-v1 6.0.5+00a1fba64c
	   |-- fabric-resource-loader-v0 3.3.16+4fc5413f4c
	   |-- fabric-resource-loader-v1 2.0.9+d871b99e4c
	   |-- fabric-screen-api-v1 5.0.1+d871b99e4c
	   |-- fabric-serialization-api-v1 2.0.3+11a26f314c
	   |-- fabric-sound-api-v1 2.0.4+11a26f314c
	   |-- fabric-tag-api-v1 2.0.9+11a26f314c
	   |-- fabric-transfer-api-v1 8.0.5+357ea7334c
	   \-- fabric-transitive-access-wideners-v1 8.0.11+d871b99e4c
	- fabricloader 0.19.2
	   \-- mixinextras 0.5.4
	- java 25
	- minecraft 26.1
[15:19:10] [main/INFO]: SpongePowered MIXIN Subsystem Version=0.8.7 Source=file:/C:/Users/adam/curseforge/minecraft/Install/libraries/net/fabricmc/sponge-mixin/0.17.2+mixin.0.8.7/sponge-mixin-0.17.2+mixin.0.8.7.jar Service=Knot/Fabric Env=CLIENT
[15:19:10] [main/INFO]: Compatibility level set to JAVA_17
[15:19:10] [main/INFO]: Compatibility level set to JAVA_25
[15:19:10] [main/INFO]: Initializing MixinExtras via com.llamalad7.mixinextras.service.MixinExtrasServiceImpl(version=0.5.4).
[15:19:11] [Datafixer Bootstrap/INFO]: 291 Datafixer optimizations took 196 milliseconds
[15:19:13] [main/INFO]: Completely ignored arguments: [, , ]
[15:19:14] [Render thread/INFO]: Environment: Environment[sessionHost=https://sessionserver.mojang.com, servicesHost=https://api.minecraftservices.com, profilesHost=https://api.mojang.com, name=PROD]
[15:19:14] [Render thread/INFO]: Setting user: localdadmin
[15:19:14] [Render thread/INFO]: [Indigo] Registering Indigo renderer!
[15:19:14] [Render thread/INFO]: Backend library: LWJGL version 3.4.1-snapshot
[15:19:15] [Render thread/INFO]: Using optional rendering extensions: GL_ARB_buffer_storage, GL_KHR_debug, GL_ARB_vertex_attrib_binding, GL_ARB_direct_state_access, GL_EXT_texture_filter_anisotropic
[15:19:15] [Render thread/INFO]: Reloading ResourceManager: vanilla, fabric-api, fabric-api-base, fabric-api-lookup-api-v1, fabric-biome-api-v1, fabric-block-api-v1, fabric-block-getter-api-v2, fabric-command-api-v2, fabric-content-registries-v0, fabric-convention-tags-v2, fabric-crash-report-info-v1, fabric-creative-tab-api-v1, fabric-data-attachment-api-v1, fabric-data-generation-api-v1, fabric-debug-api-v1, fabric-dimensions-v1, fabric-entity-events-v1, fabric-events-interaction-v0, fabric-game-rule-api-v1, fabric-item-api-v1, fabric-key-mapping-api-v1, fabric-lifecycle-events-v1, fabric-loot-api-v3, fabric-menu-api-v1, fabric-message-api-v1, fabric-model-loading-api-v1, fabric-networking-api-v1, fabric-object-builder-api-v1, fabric-particles-v1, fabric-recipe-api-v1, fabric-registry-sync-v0, fabric-renderer-api-v1, fabric-renderer-indigo, fabric-rendering-fluids-v1, fabric-rendering-v1, fabric-resource-conditions-api-v1, fabric-resource-loader-v0, fabric-resource-loader-v1, fabric-screen-api-v1, fabric-serialization-api-v1, fabric-sound-api-v1, fabric-tag-api-v1, fabric-transfer-api-v1, fabric-transitive-access-wideners-v1, fabricloader
[15:19:15] [Worker-Main-19/INFO]: Found unifont_all_no_pua-17.0.01.hex, loading
[15:19:15] [Worker-Main-6/INFO]: Found unifont_pua-17.0.01.hex, loading
[15:19:15] [Worker-Main-8/INFO]: Found unifont_jp_patch-17.0.01.hex, loading
[15:19:15] [Render thread/INFO]: [STDOUT]: [nether-pathfinder] Created temp file at C:\Users\adam\AppData\Local\Temp\nether_pathfinder-x86_6411694600207026223419.dll
[15:19:15] [Render thread/INFO]: [STDERR]: [nether-pathfinder] Failed to delete temp file
[15:19:15] [Render thread/INFO]: [STDOUT]: [nether-pathfinder] Loaded shared library
[15:19:16] [Render thread/INFO]: [STDOUT]: Baritone PuppetServer started on port 9375
[15:19:16] [Render thread/INFO]: OpenAL initialized on device OpenAL Soft on Speakers (Anker PowerConf S330)
[15:19:16] [Render thread/INFO]: Sound engine started
[15:19:16] [Render thread/INFO]: Created: 512x256x0 minecraft:textures/atlas/particles.png-atlas
[15:19:16] [Render thread/INFO]: Created: 128x128x0 minecraft:textures/atlas/decorated_pot.png-atlas
[15:19:16] [Render thread/INFO]: Created: 2048x1024x0 minecraft:textures/atlas/armor_trims.png-atlas
[15:19:16] [Render thread/INFO]: Created: 512x256x0 minecraft:textures/atlas/paintings.png-atlas
[15:19:16] [Render thread/INFO]: Created: 1024x512x0 minecraft:textures/atlas/shield_patterns.png-atlas
[15:19:16] [Render thread/INFO]: Created: 2048x2048x4 minecraft:textures/atlas/blocks.png-atlas
[15:19:16] [Render thread/INFO]: Created: 512x512x0 minecraft:textures/atlas/chest.png-atlas
[15:19:16] [Render thread/INFO]: Created: 256x128x0 minecraft:textures/atlas/celestials.png-atlas
[15:19:16] [Render thread/INFO]: Created: 1024x512x0 minecraft:textures/atlas/banner_patterns.png-atlas
[15:19:16] [Render thread/INFO]: Created: 512x512x0 minecraft:textures/atlas/beds.png-atlas
[15:19:16] [Render thread/INFO]: Created: 1024x512x0 minecraft:textures/atlas/items.png-atlas
[15:19:16] [Render thread/INFO]: Created: 1024x1024x0 minecraft:textures/atlas/gui.png-atlas
[15:19:16] [Render thread/INFO]: Created: 128x64x0 minecraft:textures/atlas/map_decorations.png-atlas
[15:19:16] [Render thread/INFO]: Created: 512x256x0 minecraft:textures/atlas/signs.png-atlas
[15:19:16] [Render thread/INFO]: Created: 512x512x0 minecraft:textures/atlas/shulker_boxes.png-atlas
[15:19:22] [Render thread/INFO]: Loaded 1515 recipes
[15:19:22] [Render thread/INFO]: Loaded 1617 advancements
[15:19:23] [Render thread/INFO]: Applied 0 biome modifications to 0 of 65 new biomes in 643.4 μs
[15:19:23] [Server thread/INFO]: Starting integrated minecraft server version 26.1
[15:19:23] [Server thread/INFO]: Generating keypair
[15:19:24] [Server thread/INFO]: Selecting global world spawn...
[15:19:25] [Server thread/INFO]: Loading 0 persistent chunks...
[15:19:25] [Server thread/INFO]: Preparing spawn area: 16%
[15:19:25] [Server thread/INFO]: Saving chunks for level 'ServerLevel[New World]'/minecraft:overworld
[15:19:25] [Server thread/INFO]: Saving chunks for level 'ServerLevel[New World]'/minecraft:the_end
[15:19:25] [Server thread/INFO]: Saving chunks for level 'ServerLevel[New World]'/minecraft:the_nether
[15:19:25] [Server thread/INFO]: ThreadedAnvilChunkStorage (world): All chunks are saved
[15:19:25] [Server thread/INFO]: ThreadedAnvilChunkStorage (DIM1): All chunks are saved
[15:19:25] [Server thread/INFO]: ThreadedAnvilChunkStorage (DIM-1): All chunks are saved
[15:19:25] [Server thread/INFO]: ThreadedAnvilChunkStorage: All dimensions are saved
[15:19:25] [Server thread/INFO]: Loading 47 chunks for player spawn...
[15:19:25] [Server thread/INFO]: Preparing spawn area: 16%
[15:19:25] [Server thread/INFO]: Preparing spawn area: 16%
[15:19:25] [Server thread/INFO]: Preparing spawn area: 16%
[15:19:26] [Server thread/INFO]: Preparing spawn area: 29%
[15:19:26] [Server thread/INFO]: Preparing spawn area: 100%
[15:19:26] [Server thread/INFO]: Time elapsed: 2520 ms
[15:19:26] [Server thread/INFO]: localdadmin[local:E:46833653] logged in with entity id 26 at (-1.5, 75.0, -9.5)
[15:19:26] [Server thread/INFO]: localdadmin joined the game
[15:19:26] [Server thread/INFO]: Changing view distance to 16, from 10
[15:19:26] [Render thread/INFO]: [STDOUT]: Baritone world data dir: C:\Users\adam\curseforge\minecraft\Instances\AI(2)\saves\New World (6)\.\baritone\dimensions\ResourceKey[minecraft_dimension _ minecraft_overworld]_384
[15:19:26] [Server thread/INFO]: Changing simulation distance to 12, from 0
[15:19:26] [Render thread/INFO]: [STDOUT]: Cached world directory: C:\Users\adam\curseforge\minecraft\Instances\AI(2)\saves\New World (6)\.\baritone\dimensions\ResourceKey[minecraft_dimension _ minecraft_overworld]_384\cache
[15:19:26] [Render thread/INFO]: [STDOUT]: Would save waypoints to C:\Users\adam\curseforge\minecraft\Instances\AI(2)\saves\New World (6)\.\baritone\dimensions\ResourceKey[minecraft_dimension _ minecraft_overworld]_384\waypoints
[15:19:26] [Render thread/INFO]: Loaded 2 advancements
[15:19:26] [Render thread/INFO]: Resizing Dynamic Transforms UBO, capacity limit of 2 reached during a single frame. New capacity will be 4.
[15:19:26] [Render thread/INFO]: Resizing Dynamic Transforms UBO, capacity limit of 4 reached during a single frame. New capacity will be 8.
[15:19:26] [Render thread/INFO]: Resizing Dynamic Transforms UBO, capacity limit of 8 reached during a single frame. New capacity will be 16.
[15:19:37] [Render thread/INFO]: Resizing Chunk Sections UBO, capacity limit of 2 reached during a single frame. New capacity will be 8.
[15:19:37] [Render thread/INFO]: Resizing Chunk Sections UBO, capacity limit of 8 reached during a single frame. New capacity will be 16.
[15:19:37] [Render thread/INFO]: Resizing Chunk Sections UBO, capacity limit of 16 reached during a single frame. New capacity will be 32.
[15:19:37] [Render thread/INFO]: Resizing Chunk Sections UBO, capacity limit of 32 reached during a single frame. New capacity will be 64.
[15:19:37] [Render thread/INFO]: Resizing Chunk Sections UBO, capacity limit of 64 reached during a single frame. New capacity will be 128.
[15:19:37] [Render thread/INFO]: Resizing Chunk Sections UBO, capacity limit of 128 reached during a single frame. New capacity will be 256.
[15:19:37] [Render thread/INFO]: Resizing Chunk Sections UBO, capacity limit of 256 reached during a single frame. New capacity will be 512.
[15:19:38] [Render thread/INFO]: Resizing Chunk Sections UBO, capacity limit of 512 reached during a single frame. New capacity will be 1024.
[15:19:41] [Server thread/INFO]: Saving and pausing game...
[15:19:41] [Server thread/INFO]: Saving chunks for level 'ServerLevel[New World]'/minecraft:overworld
[15:19:41] [Server thread/INFO]: Saving chunks for level 'ServerLevel[New World]'/minecraft:the_end
[15:19:41] [Server thread/INFO]: Saving chunks for level 'ServerLevel[New World]'/minecraft:the_nether
[15:19:52] [Render thread/INFO]: [System] [CHAT] [B] Thinking...
[15:19:56] [Render thread/INFO]: [System] [CHAT] [B] [Bot] Hello! I'm ready to help you explore Minecraft. What would you like to do?
[15:19:56] [ForkJoinPool.commonPool-worker-2/INFO]: [STDOUT]: Saving region -1,-1 to disk C:\Users\adam\curseforge\minecraft\Instances\AI(2)\saves\New World (6)\.\baritone\dimensions\ResourceKey[minecraft_dimension _ minecraft_overworld]_384\cache
[15:19:56] [ForkJoinPool.commonPool-worker-1/INFO]: [STDOUT]: Saving region 0,-1 to disk C:\Users\adam\curseforge\minecraft\Instances\AI(2)\saves\New World (6)\.\baritone\dimensions\ResourceKey[minecraft_dimension _ minecraft_overworld]_384\cache
[15:19:56] [pool-4-thread-2/INFO]: [STDOUT]: Saving region -1,0 to disk C:\Users\adam\curseforge\minecraft\Instances\AI(2)\saves\New World (6)\.\baritone\dimensions\ResourceKey[minecraft_dimension _ minecraft_overworld]_384\cache
[15:19:56] [ForkJoinPool.commonPool-worker-3/INFO]: [STDOUT]: Saving region 0,0 to disk C:\Users\adam\curseforge\minecraft\Instances\AI(2)\saves\New World (6)\.\baritone\dimensions\ResourceKey[minecraft_dimension _ minecraft_overworld]_384\cache
[15:19:56] [pool-4-thread-2/INFO]: [STDOUT]: Saved region successfully
[15:19:56] [ForkJoinPool.commonPool-worker-3/INFO]: [STDOUT]: Saved region successfully
[15:19:56] [ForkJoinPool.commonPool-worker-1/INFO]: [STDOUT]: Saved region successfully
[15:19:56] [ForkJoinPool.commonPool-worker-2/INFO]: [STDOUT]: Saved region successfully
[15:19:56] [pool-4-thread-2/INFO]: [STDOUT]: World save took 73ms
[15:20:09] [Render thread/INFO]: [System] [CHAT] [B] Thinking...
[15:20:13] [pool-4-thread-3/INFO]: [STDOUT]: 2113333 movements considered
[15:20:13] [pool-4-thread-3/INFO]: [STDOUT]: Open set size: 46764
[15:20:13] [pool-4-thread-3/INFO]: [STDOUT]: PathNode map size: 142812
[15:20:13] [pool-4-thread-3/INFO]: [STDOUT]: 192128 nodes per second
[15:20:13] [pool-4-thread-3/INFO]: [STDOUT]: Path goes for 278.12946625627427 blocks
[15:20:15] [pool-4-thread-4/INFO]: [STDOUT]: 2213874 movements considered
[15:20:15] [pool-4-thread-4/INFO]: [STDOUT]: Open set size: 43494
[15:20:15] [pool-4-thread-4/INFO]: [STDOUT]: PathNode map size: 144124
[15:20:15] [pool-4-thread-4/INFO]: [STDOUT]: 262754 nodes per second
[15:20:15] [pool-4-thread-4/INFO]: [STDOUT]: Path goes for 286.155552104096 blocks
[15:20:21] [pool-4-thread-4/INFO]: [STDOUT]: 2651264 movements considered
[15:20:21] [pool-4-thread-4/INFO]: [STDOUT]: Open set size: 35924
[15:20:21] [pool-4-thread-4/INFO]: [STDOUT]: PathNode map size: 156432
[15:20:21] [pool-4-thread-4/INFO]: [STDOUT]: 241024 nodes per second
[15:20:21] [pool-4-thread-4/INFO]: [STDOUT]: Path goes for 129.40247292845683 blocks
[15:20:25] [pool-4-thread-4/INFO]: [STDOUT]: 2513280 movements considered
[15:20:25] [pool-4-thread-4/INFO]: [STDOUT]: Open set size: 35120
[15:20:25] [pool-4-thread-4/INFO]: [STDOUT]: PathNode map size: 149350
[15:20:25] [pool-4-thread-4/INFO]: [STDOUT]: 228480 nodes per second
[15:20:25] [pool-4-thread-4/INFO]: [STDOUT]: Path goes for 97.205966895042 blocks
[15:20:30] [pool-4-thread-4/INFO]: [STDOUT]: 2756864 movements considered
[15:20:30] [pool-4-thread-4/INFO]: [STDOUT]: Open set size: 35065
[15:20:30] [pool-4-thread-4/INFO]: [STDOUT]: PathNode map size: 160366
[15:20:30] [pool-4-thread-4/INFO]: [STDOUT]: 250624 nodes per second
[15:20:30] [pool-4-thread-4/INFO]: [STDOUT]: Path goes for 107.20074626605917 blocks
[15:20:37] [Server thread/INFO]: Saving and pausing game...
[15:20:37] [Server thread/INFO]: Saving chunks for level 'ServerLevel[New World]'/minecraft:overworld
[15:20:37] [Server thread/INFO]: Saving chunks for level 'ServerLevel[New World]'/minecraft:the_end
[15:20:37] [Server thread/INFO]: Saving chunks for level 'ServerLevel[New World]'/minecraft:the_nether
[15:20:43] [pool-4-thread-4/INFO]: [STDOUT]: 2939904 movements considered
[15:20:43] [pool-4-thread-4/INFO]: [STDOUT]: Open set size: 34821
[15:20:43] [pool-4-thread-4/INFO]: [STDOUT]: PathNode map size: 168448
[15:20:43] [pool-4-thread-4/INFO]: [STDOUT]: 267264 nodes per second
[15:20:43] [pool-4-thread-4/INFO]: [STDOUT]: Path goes for 79.5361553005927 blocks
[15:20:48] [pool-4-thread-4/INFO]: [STDOUT]: 2931456 movements considered
[15:20:48] [pool-4-thread-4/INFO]: [STDOUT]: Open set size: 34724
[15:20:48] [pool-4-thread-4/INFO]: [STDOUT]: PathNode map size: 167967
[15:20:48] [pool-4-thread-4/INFO]: [STDOUT]: 266496 nodes per second
[15:20:48] [pool-4-thread-4/INFO]: [STDOUT]: Path goes for 79.5361553005927 blocks
[15:20:54] [pool-4-thread-4/INFO]: [STDOUT]: 2880768 movements considered
[15:20:54] [pool-4-thread-4/INFO]: [STDOUT]: Open set size: 34184
[15:20:54] [pool-4-thread-4/INFO]: [STDOUT]: PathNode map size: 165123
[15:20:54] [pool-4-thread-4/INFO]: [STDOUT]: 261888 nodes per second
[15:20:54] [pool-4-thread-4/INFO]: [STDOUT]: Path goes for 79.5361553005927 blocks
[15:21:00] [pool-4-thread-4/INFO]: [STDOUT]: 2876544 movements considered
[15:21:00] [pool-4-thread-4/INFO]: [STDOUT]: Open set size: 34161
[15:21:00] [pool-4-thread-4/INFO]: [STDOUT]: PathNode map size: 164908
[15:21:00] [pool-4-thread-4/INFO]: [STDOUT]: 261504 nodes per second
[15:21:00] [pool-4-thread-4/INFO]: [STDOUT]: Path goes for 79.5361553005927 blocks
[15:21:05] [pool-4-thread-4/INFO]: [STDOUT]: 2531201 movements considered
[15:21:05] [pool-4-thread-4/INFO]: [STDOUT]: Open set size: 49841
[15:21:05] [pool-4-thread-4/INFO]: [STDOUT]: PathNode map size: 164898
[15:21:05] [pool-4-thread-4/INFO]: [STDOUT]: 259144 nodes per second
[15:21:05] [pool-4-thread-4/INFO]: [STDOUT]: Path goes for 296.2195131992489 blocks
[15:21:14] [Server thread/INFO]: Saving and pausing game...
[15:21:14] [Server thread/INFO]: Saving chunks for level 'ServerLevel[New World]'/minecraft:overworld
[15:21:14] [Server thread/INFO]: Saving chunks for level 'ServerLevel[New World]'/minecraft:the_end
[15:21:14] [Server thread/INFO]: Saving chunks for level 'ServerLevel[New World]'/minecraft:the_nether
[15:21:14] [Server thread/INFO]: Stopping server
[15:21:14] [Server thread/INFO]: Saving players
[15:21:14] [Server thread/INFO]: localdadmin lost connection: Disconnected
[15:21:14] [Server thread/INFO]: localdadmin left the game
[15:21:14] [Server thread/INFO]: Stopping singleplayer server as player logged out
[15:21:14] [Server thread/INFO]: Saving worlds
[15:21:15] [Server thread/INFO]: Saving chunks for level 'ServerLevel[New World]'/minecraft:overworld
[15:21:15] [Server thread/INFO]: Saving chunks for level 'ServerLevel[New World]'/minecraft:the_end
[15:21:15] [Server thread/INFO]: Saving chunks for level 'ServerLevel[New World]'/minecraft:the_nether
[15:21:15] [Server thread/INFO]: ThreadedAnvilChunkStorage (world): All chunks are saved
[15:21:15] [Server thread/INFO]: ThreadedAnvilChunkStorage (DIM1): All chunks are saved
[15:21:15] [Server thread/INFO]: ThreadedAnvilChunkStorage (DIM-1): All chunks are saved
[15:21:15] [Server thread/INFO]: ThreadedAnvilChunkStorage: All dimensions are saved
[15:21:19] [Render thread/INFO]: Stopping!
